[0.103s] DEBUG:colcon:Command line arguments: ['/usr/bin/colcon', 'build', '--symlink-install']
[0.103s] DEBUG:colcon:Parsed command line arguments: Namespace(log_base=None, log_level=None, verb_name='build', build_base='build', install_base='install', merge_install=False, symlink_install=True, test_result_base=None, continue_on_error=False, executor='parallel', parallel_workers=8, event_handlers=None, ignore_user_meta=False, metas=['./colcon.meta'], base_paths=['.'], packages_ignore=None, packages_ignore_regex=None, paths=None, packages_up_to=None, packages_up_to_regex=None, packages_above=None, packages_above_and_dependencies=None, packages_above_depth=None, packages_select_by_dep=None, packages_skip_by_dep=None, packages_skip_up_to=None, packages_select_build_failed=False, packages_skip_build_finished=False, packages_select_test_failures=False, packages_skip_test_passed=False, packages_select=None, packages_skip=None, packages_select_regex=None, packages_skip_regex=None, packages_start=None, packages_end=None, allow_overriding=[], cmake_args=None, cmake_target=None, cmake_target_skip_unavailable=False, cmake_clean_cache=False, cmake_clean_first=False, cmake_force_configure=False, ament_cmake_args=None, catkin_cmake_args=None, catkin_skip_building_tests=False, mixin_files=None, mixin=None, verb_parser=<colcon_mixin.mixin.mixin_argument.MixinArgumentDecorator object at 0x72e52ae72da0>, verb_extension=<colcon_core.verb.build.BuildVerb object at 0x72e52af6fd30>, main=<bound method BuildVerb.main of <colcon_core.verb.build.BuildVerb object at 0x72e52af6fd30>>, mixin_verb=('build',))
[0.528s] Level 1:colcon.colcon_core.package_discovery:discover_packages(colcon_meta) check parameters
[0.529s] Level 1:colcon.colcon_core.package_discovery:discover_packages(recursive) check parameters
[0.529s] Level 1:colcon.colcon_core.package_discovery:discover_packages(ignore) check parameters
[0.529s] Level 1:colcon.colcon_core.package_discovery:discover_packages(path) check parameters
[0.529s] Level 1:colcon.colcon_core.package_discovery:discover_packages(colcon_meta) discover
[0.529s] Level 1:colcon.colcon_core.package_discovery:discover_packages(recursive) discover
[0.529s] INFO:colcon.colcon_core.package_discovery:Crawling recursively for packages in '/home/basti/Schreibtisch/Turtlebot/Object_detection'
[0.529s] Level 1:colcon.colcon_core.package_identification:_identify(.) by extensions ['ignore', 'ignore_ament_install']
[0.529s] Level 1:colcon.colcon_core.package_identification:_identify(.) by extension 'ignore'
[0.529s] Level 1:colcon.colcon_core.package_identification:_identify(.) by extension 'ignore_ament_install'
[0.529s] Level 1:colcon.colcon_core.package_identification:_identify(.) by extensions ['colcon_pkg']
[0.529s] Level 1:colcon.colcon_core.package_identification:_identify(.) by extension 'colcon_pkg'
[0.529s] Level 1:colcon.colcon_core.package_identification:_identify(.) by extensions ['colcon_meta']
[0.529s] Level 1:colcon.colcon_core.package_identification:_identify(.) by extension 'colcon_meta'
[0.529s] Level 1:colcon.colcon_core.package_identification:_identify(.) by extensions ['ros']
[0.529s] Level 1:colcon.colcon_core.package_identification:_identify(.) by extension 'ros'
[0.544s] Level 1:colcon.colcon_core.package_identification:_identify(.) by extensions ['cmake', 'python']
[0.544s] Level 1:colcon.colcon_core.package_identification:_identify(.) by extension 'cmake'
[0.544s] Level 1:colcon.colcon_core.package_identification:_identify(.) by extension 'python'
[0.544s] Level 1:colcon.colcon_core.package_identification:_identify(.) by extensions ['python_setup_py']
[0.544s] Level 1:colcon.colcon_core.package_identification:_identify(.) by extension 'python_setup_py'
[0.545s] Level 1:colcon.colcon_core.package_identification:_identify(build) by extensions ['ignore', 'ignore_ament_install']
[0.545s] Level 1:colcon.colcon_core.package_identification:_identify(build) by extension 'ignore'
[0.545s] Level 1:colcon.colcon_core.package_identification:_identify(build) ignored
[0.545s] Level 1:colcon.colcon_core.package_identification:_identify(darknet_publisher) by extensions ['ignore', 'ignore_ament_install']
[0.545s] Level 1:colcon.colcon_core.package_identification:_identify(darknet_publisher) by extension 'ignore'
[0.545s] Level 1:colcon.colcon_core.package_identification:_identify(darknet_publisher) by extension 'ignore_ament_install'
[0.545s] Level 1:colcon.colcon_core.package_identification:_identify(darknet_publisher) by extensions ['colcon_pkg']
[0.545s] Level 1:colcon.colcon_core.package_identification:_identify(darknet_publisher) by extension 'colcon_pkg'
[0.545s] Level 1:colcon.colcon_core.package_identification:_identify(darknet_publisher) by extensions ['colcon_meta']
[0.545s] Level 1:colcon.colcon_core.package_identification:_identify(darknet_publisher) by extension 'colcon_meta'
[0.545s] Level 1:colcon.colcon_core.package_identification:_identify(darknet_publisher) by extensions ['ros']
[0.545s] Level 1:colcon.colcon_core.package_identification:_identify(darknet_publisher) by extension 'ros'
[0.548s] DEBUG:colcon.colcon_core.package_identification:Package 'darknet_publisher' with type 'ros.ament_python' and name 'darknet_publisher'
[0.548s] Level 1:colcon.colcon_core.package_identification:_identify(install) by extensions ['ignore', 'ignore_ament_install']
[0.549s] Level 1:colcon.colcon_core.package_identification:_identify(install) by extension 'ignore'
[0.549s] Level 1:colcon.colcon_core.package_identification:_identify(install) ignored
[0.549s] Level 1:colcon.colcon_core.package_identification:_identify(log) by extensions ['ignore', 'ignore_ament_install']
[0.549s] Level 1:colcon.colcon_core.package_identification:_identify(log) by extension 'ignore'
[0.549s] Level 1:colcon.colcon_core.package_identification:_identify(log) ignored
[0.549s] Level 1:colcon.colcon_core.package_identification:_identify(yolo-aiv2) by extensions ['ignore', 'ignore_ament_install']
[0.549s] Level 1:colcon.colcon_core.package_identification:_identify(yolo-aiv2) by extension 'ignore'
[0.549s] Level 1:colcon.colcon_core.package_identification:_identify(yolo-aiv2) by extension 'ignore_ament_install'
[0.549s] Level 1:colcon.colcon_core.package_identification:_identify(yolo-aiv2) by extensions ['colcon_pkg']
[0.549s] Level 1:colcon.colcon_core.package_identification:_identify(yolo-aiv2) by extension 'colcon_pkg'
[0.549s] Level 1:colcon.colcon_core.package_identification:_identify(yolo-aiv2) by extensions ['colcon_meta']
[0.549s] Level 1:colcon.colcon_core.package_identification:_identify(yolo-aiv2) by extension 'colcon_meta'
[0.549s] Level 1:colcon.colcon_core.package_identification:_identify(yolo-aiv2) by extensions ['ros']
[0.549s] Level 1:colcon.colcon_core.package_identification:_identify(yolo-aiv2) by extension 'ros'
[0.549s] Level 1:colcon.colcon_core.package_identification:_identify(yolo-aiv2) by extensions ['cmake', 'python']
[0.549s] Level 1:colcon.colcon_core.package_identification:_identify(yolo-aiv2) by extension 'cmake'
[0.549s] Level 1:colcon.colcon_core.package_identification:_identify(yolo-aiv2) by extension 'python'
[0.550s] Level 1:colcon.colcon_core.package_identification:_identify(yolo-aiv2) by extensions ['python_setup_py']
[0.550s] Level 1:colcon.colcon_core.package_identification:_identify(yolo-aiv2) by extension 'python_setup_py'
[0.550s] Level 1:colcon.colcon_core.package_discovery:discover_packages(recursive) using defaults
[0.550s] Level 1:colcon.colcon_core.package_discovery:discover_packages(ignore) discover
[0.550s] Level 1:colcon.colcon_core.package_discovery:discover_packages(ignore) using defaults
[0.550s] Level 1:colcon.colcon_core.package_discovery:discover_packages(path) discover
[0.550s] Level 1:colcon.colcon_core.package_discovery:discover_packages(path) using defaults
[0.590s] Level 1:colcon.colcon_core.package_discovery:discover_packages(prefix_path) check parameters
[0.590s] Level 1:colcon.colcon_core.package_discovery:discover_packages(prefix_path) discover
[0.595s] DEBUG:colcon.colcon_installed_package_information.package_discovery:Found 369 installed packages in /opt/ros/humble
[0.597s] Level 1:colcon.colcon_core.package_discovery:discover_packages(prefix_path) using defaults
[0.701s] Level 5:colcon.colcon_core.verb:set package 'darknet_publisher' build argument 'cmake_args' from command line to 'None'
[0.701s] Level 5:colcon.colcon_core.verb:set package 'darknet_publisher' build argument 'cmake_target' from command line to 'None'
[0.701s] Level 5:colcon.colcon_core.verb:set package 'darknet_publisher' build argument 'cmake_target_skip_unavailable' from command line to 'False'
[0.701s] Level 5:colcon.colcon_core.verb:set package 'darknet_publisher' build argument 'cmake_clean_cache' from command line to 'False'
[0.701s] Level 5:colcon.colcon_core.verb:set package 'darknet_publisher' build argument 'cmake_clean_first' from command line to 'False'
[0.701s] Level 5:colcon.colcon_core.verb:set package 'darknet_publisher' build argument 'cmake_force_configure' from command line to 'False'
[0.701s] Level 5:colcon.colcon_core.verb:set package 'darknet_publisher' build argument 'ament_cmake_args' from command line to 'None'
[0.701s] Level 5:colcon.colcon_core.verb:set package 'darknet_publisher' build argument 'catkin_cmake_args' from command line to 'None'
[0.701s] Level 5:colcon.colcon_core.verb:set package 'darknet_publisher' build argument 'catkin_skip_building_tests' from command line to 'False'
[0.702s] DEBUG:colcon.colcon_core.verb:Building package 'darknet_publisher' with the following arguments: {'ament_cmake_args': None, 'build_base': '/home/basti/Schreibtisch/Turtlebot/Object_detection/build/darknet_publisher', 'catkin_cmake_args': None, 'catkin_skip_building_tests': False, 'cmake_args': None, 'cmake_clean_cache': False, 'cmake_clean_first': False, 'cmake_force_configure': False, 'cmake_target': None, 'cmake_target_skip_unavailable': False, 'install_base': '/home/basti/Schreibtisch/Turtlebot/Object_detection/install/darknet_publisher', 'merge_install': False, 'path': '/home/basti/Schreibtisch/Turtlebot/Object_detection/darknet_publisher', 'symlink_install': True, 'test_result_base': None}
[0.702s] INFO:colcon.colcon_core.executor:Executing jobs using 'parallel' executor
[0.703s] DEBUG:colcon.colcon_parallel_executor.executor.parallel:run_until_complete
[0.703s] INFO:colcon.colcon_ros.task.ament_python.build:Building ROS package in '/home/basti/Schreibtisch/Turtlebot/Object_detection/darknet_publisher' with build type 'ament_python'
[0.703s] Level 1:colcon.colcon_core.shell:create_environment_hook('darknet_publisher', 'ament_prefix_path')
[0.706s] INFO:colcon.colcon_core.plugin_system:Skipping extension 'colcon_core.shell.bat': Not used on non-Windows systems
[0.707s] INFO:colcon.colcon_core.shell:Creating environment hook '/home/basti/Schreibtisch/Turtlebot/Object_detection/install/darknet_publisher/share/darknet_publisher/hook/ament_prefix_path.ps1'
[0.707s] INFO:colcon.colcon_core.shell:Creating environment descriptor '/home/basti/Schreibtisch/Turtlebot/Object_detection/install/darknet_publisher/share/darknet_publisher/hook/ament_prefix_path.dsv'
[0.708s] INFO:colcon.colcon_core.shell:Creating environment hook '/home/basti/Schreibtisch/Turtlebot/Object_detection/install/darknet_publisher/share/darknet_publisher/hook/ament_prefix_path.sh'
[0.709s] INFO:colcon.colcon_core.shell:Skip shell extension 'powershell' for command environment: Not usable outside of PowerShell
[0.709s] DEBUG:colcon.colcon_core.shell:Skip shell extension 'dsv' for command environment
[0.957s] INFO:colcon.colcon_core.task.python.build:Building Python package in '/home/basti/Schreibtisch/Turtlebot/Object_detection/darknet_publisher'
[0.957s] INFO:colcon.colcon_core.shell:Skip shell extension 'powershell' for command environment: Not usable outside of PowerShell
[0.957s] DEBUG:colcon.colcon_core.shell:Skip shell extension 'dsv' for command environment
[1.460s] DEBUG:colcon.colcon_core.event_handler.log_command:Invoking command in '/home/basti/Schreibtisch/Turtlebot/Object_detection/build/darknet_publisher': PYTHONPATH=/home/basti/Schreibtisch/Turtlebot/Object_detection/build/darknet_publisher/prefix_override:/usr/lib/python3/dist-packages/colcon_core/task/python/colcon_distutils_commands:/home/basti/Schreibtisch/Turtlebot/Object_detection/install/darknet_publisher/lib/python3.10/site-packages:${PYTHONPATH} /usr/bin/python3 -W ignore:setup.py install is deprecated -W ignore:easy_install command is deprecated setup.py develop --editable --build-directory /home/basti/Schreibtisch/Turtlebot/Object_detection/build/darknet_publisher/build --no-deps symlink_data
[1.913s] Level 1:colcon.colcon_core.shell:create_environment_hook('darknet_publisher', 'pythonpath_develop')
[1.913s] INFO:colcon.colcon_core.shell:Creating environment hook '/home/basti/Schreibtisch/Turtlebot/Object_detection/build/darknet_publisher/share/darknet_publisher/hook/pythonpath_develop.ps1'
[1.914s] DEBUG:colcon.colcon_core.event_handler.log_command:Invoked command in '/home/basti/Schreibtisch/Turtlebot/Object_detection/build/darknet_publisher' returned '0': PYTHONPATH=/home/basti/Schreibtisch/Turtlebot/Object_detection/build/darknet_publisher/prefix_override:/usr/lib/python3/dist-packages/colcon_core/task/python/colcon_distutils_commands:/home/basti/Schreibtisch/Turtlebot/Object_detection/install/darknet_publisher/lib/python3.10/site-packages:${PYTHONPATH} /usr/bin/python3 -W ignore:setup.py install is deprecated -W ignore:easy_install command is deprecated setup.py develop --editable --build-directory /home/basti/Schreibtisch/Turtlebot/Object_detection/build/darknet_publisher/build --no-deps symlink_data
[1.914s] INFO:colcon.colcon_core.shell:Creating environment descriptor '/home/basti/Schreibtisch/Turtlebot/Object_detection/build/darknet_publisher/share/darknet_publisher/hook/pythonpath_develop.dsv'
[1.914s] INFO:colcon.colcon_core.shell:Creating environment hook '/home/basti/Schreibtisch/Turtlebot/Object_detection/build/darknet_publisher/share/darknet_publisher/hook/pythonpath_develop.sh'
[1.919s] Level 1:colcon.colcon_core.environment:checking '/home/basti/Schreibtisch/Turtlebot/Object_detection/install/darknet_publisher' for CMake module files
[1.920s] Level 1:colcon.colcon_core.environment:checking '/home/basti/Schreibtisch/Turtlebot/Object_detection/install/darknet_publisher' for CMake config files
[1.920s] Level 1:colcon.colcon_core.environment:checking '/home/basti/Schreibtisch/Turtlebot/Object_detection/install/darknet_publisher/lib'
[1.920s] Level 1:colcon.colcon_core.environment:checking '/home/basti/Schreibtisch/Turtlebot/Object_detection/install/darknet_publisher/bin'
[1.920s] Level 1:colcon.colcon_core.environment:checking '/home/basti/Schreibtisch/Turtlebot/Object_detection/install/darknet_publisher/lib/pkgconfig/darknet_publisher.pc'
[1.921s] Level 1:colcon.colcon_core.environment:checking '/home/basti/Schreibtisch/Turtlebot/Object_detection/install/darknet_publisher/lib/python3.10/site-packages'
[1.921s] Level 1:colcon.colcon_core.shell:create_environment_hook('darknet_publisher', 'pythonpath')
[1.921s] INFO:colcon.colcon_core.shell:Creating environment hook '/home/basti/Schreibtisch/Turtlebot/Object_detection/install/darknet_publisher/share/darknet_publisher/hook/pythonpath.ps1'
[1.921s] INFO:colcon.colcon_core.shell:Creating environment descriptor '/home/basti/Schreibtisch/Turtlebot/Object_detection/install/darknet_publisher/share/darknet_publisher/hook/pythonpath.dsv'
[1.922s] INFO:colcon.colcon_core.shell:Creating environment hook '/home/basti/Schreibtisch/Turtlebot/Object_detection/install/darknet_publisher/share/darknet_publisher/hook/pythonpath.sh'
[1.922s] Level 1:colcon.colcon_core.environment:checking '/home/basti/Schreibtisch/Turtlebot/Object_detection/install/darknet_publisher/bin'
[1.922s] Level 1:colcon.colcon_core.environment:create_environment_scripts_only(darknet_publisher)
[1.923s] INFO:colcon.colcon_core.shell:Creating package script '/home/basti/Schreibtisch/Turtlebot/Object_detection/install/darknet_publisher/share/darknet_publisher/package.ps1'
[1.924s] INFO:colcon.colcon_core.shell:Creating package descriptor '/home/basti/Schreibtisch/Turtlebot/Object_detection/install/darknet_publisher/share/darknet_publisher/package.dsv'
[1.924s] INFO:colcon.colcon_core.shell:Creating package script '/home/basti/Schreibtisch/Turtlebot/Object_detection/install/darknet_publisher/share/darknet_publisher/package.sh'
[1.925s] INFO:colcon.colcon_core.shell:Creating package script '/home/basti/Schreibtisch/Turtlebot/Object_detection/install/darknet_publisher/share/darknet_publisher/package.bash'
[1.927s] INFO:colcon.colcon_core.shell:Creating package script '/home/basti/Schreibtisch/Turtlebot/Object_detection/install/darknet_publisher/share/darknet_publisher/package.zsh'
[1.928s] Level 1:colcon.colcon_core.environment:create_file_with_runtime_dependencies(/home/basti/Schreibtisch/Turtlebot/Object_detection/install/darknet_publisher/share/colcon-core/packages/darknet_publisher)
[1.928s] DEBUG:colcon.colcon_parallel_executor.executor.parallel:closing loop
[1.928s] DEBUG:colcon.colcon_parallel_executor.executor.parallel:loop closed
[1.928s] DEBUG:colcon.colcon_parallel_executor.executor.parallel:run_until_complete finished with '0'
[1.928s] DEBUG:colcon.colcon_core.event_reactor:joining thread
[1.938s] INFO:colcon.colcon_core.plugin_system:Skipping extension 'colcon_notification.desktop_notification.terminal_notifier': Not used on non-Darwin systems
[1.938s] INFO:colcon.colcon_core.plugin_system:Skipping extension 'colcon_notification.desktop_notification.win32': Not used on non-Windows systems
[1.939s] INFO:colcon.colcon_notification.desktop_notification:Sending desktop notification using 'notify2'
[1.965s] DEBUG:colcon.colcon_core.event_reactor:joined thread
[1.966s] INFO:colcon.colcon_core.shell:Creating prefix script '/home/basti/Schreibtisch/Turtlebot/Object_detection/install/local_setup.ps1'
[1.970s] INFO:colcon.colcon_core.shell:Creating prefix util module '/home/basti/Schreibtisch/Turtlebot/Object_detection/install/_local_setup_util_ps1.py'
[1.972s] INFO:colcon.colcon_core.shell:Creating prefix chain script '/home/basti/Schreibtisch/Turtlebot/Object_detection/install/setup.ps1'
[1.974s] INFO:colcon.colcon_core.shell:Creating prefix script '/home/basti/Schreibtisch/Turtlebot/Object_detection/install/local_setup.sh'
[1.975s] INFO:colcon.colcon_core.shell:Creating prefix util module '/home/basti/Schreibtisch/Turtlebot/Object_detection/install/_local_setup_util_sh.py'
[1.976s] INFO:colcon.colcon_core.shell:Creating prefix chain script '/home/basti/Schreibtisch/Turtlebot/Object_detection/install/setup.sh'
[1.978s] INFO:colcon.colcon_core.shell:Creating prefix script '/home/basti/Schreibtisch/Turtlebot/Object_detection/install/local_setup.bash'
[1.979s] INFO:colcon.colcon_core.shell:Creating prefix chain script '/home/basti/Schreibtisch/Turtlebot/Object_detection/install/setup.bash'
[1.980s] INFO:colcon.colcon_core.shell:Creating prefix script '/home/basti/Schreibtisch/Turtlebot/Object_detection/install/local_setup.zsh'
[1.981s] INFO:colcon.colcon_core.shell:Creating prefix chain script '/home/basti/Schreibtisch/Turtlebot/Object_detection/install/setup.zsh'
