running develop
running egg_info
creating darknet_publisher.egg-info
writing darknet_publisher.egg-info/PKG-INFO
writing dependency_links to darknet_publisher.egg-info/dependency_links.txt
writing entry points to darknet_publisher.egg-info/entry_points.txt
writing requirements to darknet_publisher.egg-info/requires.txt
writing top-level names to darknet_publisher.egg-info/top_level.txt
writing manifest file 'darknet_publisher.egg-info/SOURCES.txt'
reading manifest file 'darknet_publisher.egg-info/SOURCES.txt'
writing manifest file 'darknet_publisher.egg-info/SOURCES.txt'
running build_ext
Creating /home/basti/Schreibtisch/Turtlebot/Object_detection/install/darknet_publisher/lib/python3.10/site-packages/darknet-publisher.egg-link (link to .)
Installing darknet_pub script to /home/basti/Schreibtisch/Turtlebot/Object_detection/install/darknet_publisher/lib/darknet_publisher
Installing yolo_detector script to /home/basti/Schreibtisch/Turtlebot/Object_detection/install/darknet_publisher/lib/darknet_publisher

Installed /home/basti/Schreibtisch/Turtlebot/Object_detection/build/darknet_publisher
running symlink_data
creating /home/basti/Schreibtisch/Turtlebot/Object_detection/install/darknet_publisher/share/ament_index
creating /home/basti/Schreibtisch/Turtlebot/Object_detection/install/darknet_publisher/share/ament_index/resource_index
creating /home/basti/Schreibtisch/Turtlebot/Object_detection/install/darknet_publisher/share/ament_index/resource_index/packages
symbolically linking /home/basti/Schreibtisch/Turtlebot/Object_detection/build/darknet_publisher/resource/darknet_publisher -> /home/basti/Schreibtisch/Turtlebot/Object_detection/install/darknet_publisher/share/ament_index/resource_index/packages
symbolically linking /home/basti/Schreibtisch/Turtlebot/Object_detection/build/darknet_publisher/package.xml -> /home/basti/Schreibtisch/Turtlebot/Object_detection/install/darknet_publisher/share/darknet_publisher
