[0.757s] Invoking command in '/home/basti/Schreibtisch/Turtlebot/Object_detection/build/darknet_publisher': PYTHONPATH=/home/basti/Schreibtisch/Turtlebot/Object_detection/build/darknet_publisher/prefix_override:/usr/lib/python3/dist-packages/colcon_core/task/python/colcon_distutils_commands:/home/basti/Schreibtisch/Turtlebot/Object_detection/install/darknet_publisher/lib/python3.10/site-packages:${PYTHONPATH} /usr/bin/python3 -W ignore:setup.py install is deprecated -W ignore:easy_install command is deprecated setup.py develop --editable --build-directory /home/basti/Schreibtisch/Turtlebot/Object_detection/build/darknet_publisher/build --no-deps symlink_data
[1.011s] running develop
[1.179s] running egg_info
[1.179s] creating darknet_publisher.egg-info
[1.180s] writing darknet_publisher.egg-info/PKG-INFO
[1.180s] writing dependency_links to darknet_publisher.egg-info/dependency_links.txt
[1.180s] writing entry points to darknet_publisher.egg-info/entry_points.txt
[1.180s] writing requirements to darknet_publisher.egg-info/requires.txt
[1.180s] writing top-level names to darknet_publisher.egg-info/top_level.txt
[1.180s] writing manifest file 'darknet_publisher.egg-info/SOURCES.txt'
[1.181s] reading manifest file 'darknet_publisher.egg-info/SOURCES.txt'
[1.182s] writing manifest file 'darknet_publisher.egg-info/SOURCES.txt'
[1.183s] running build_ext
[1.183s] Creating /home/basti/Schreibtisch/Turtlebot/Object_detection/install/darknet_publisher/lib/python3.10/site-packages/darknet-publisher.egg-link (link to .)
[1.184s] Installing darknet_pub script to /home/basti/Schreibtisch/Turtlebot/Object_detection/install/darknet_publisher/lib/darknet_publisher
[1.184s] Installing yolo_detector script to /home/basti/Schreibtisch/Turtlebot/Object_detection/install/darknet_publisher/lib/darknet_publisher
[1.184s] 
[1.184s] Installed /home/basti/Schreibtisch/Turtlebot/Object_detection/build/darknet_publisher
[1.184s] running symlink_data
[1.184s] creating /home/basti/Schreibtisch/Turtlebot/Object_detection/install/darknet_publisher/share/ament_index
[1.184s] creating /home/basti/Schreibtisch/Turtlebot/Object_detection/install/darknet_publisher/share/ament_index/resource_index
[1.184s] creating /home/basti/Schreibtisch/Turtlebot/Object_detection/install/darknet_publisher/share/ament_index/resource_index/packages
[1.185s] symbolically linking /home/basti/Schreibtisch/Turtlebot/Object_detection/build/darknet_publisher/resource/darknet_publisher -> /home/basti/Schreibtisch/Turtlebot/Object_detection/install/darknet_publisher/share/ament_index/resource_index/packages
[1.185s] symbolically linking /home/basti/Schreibtisch/Turtlebot/Object_detection/build/darknet_publisher/package.xml -> /home/basti/Schreibtisch/Turtlebot/Object_detection/install/darknet_publisher/share/darknet_publisher
[1.211s] Invoked command in '/home/basti/Schreibtisch/Turtlebot/Object_detection/build/darknet_publisher' returned '0': PYTHONPATH=/home/basti/Schreibtisch/Turtlebot/Object_detection/build/darknet_publisher/prefix_override:/usr/lib/python3/dist-packages/colcon_core/task/python/colcon_distutils_commands:/home/basti/Schreibtisch/Turtlebot/Object_detection/install/darknet_publisher/lib/python3.10/site-packages:${PYTHONPATH} /usr/bin/python3 -W ignore:setup.py install is deprecated -W ignore:easy_install command is deprecated setup.py develop --editable --build-directory /home/basti/Schreibtisch/Turtlebot/Object_detection/build/darknet_publisher/build --no-deps symlink_data
